// Jest Snapshot v1, https://goo.gl/fbAQLP

exports[`render <HomeView /> 1`] = `
<div>
  <div>
    <div>
      <p>
        HelloWorld.content
      </p>
    </div>
  </div>
</div>
`;
